---
source: src/test/markdown.rs
expression: json
---
{
  "kind": "render_tree",
  "tree": [
    {
      "raw": "<div>\n    <img src=\"https://example.com/test.png\" width=\"100\" height=\"100\" alt=\"test\">\n</div>\n",
      "t": "html"
    },
    {
      "c": [
        "This is ",
        {
          "raw": "<span></span>",
          "t": "html"
        },
        "inline",
        {
          "raw": "",
          "t": "html"
        },
        " HTML."
      ],
      "t": "p"
    }
  ]
}
