---
source: src/markdown/parser.rs
expression: json
---
{
  "kind": "render_tree",
  "tree": [
    {
      "c": [
        {
          "c": [
            "https://example.com"
          ],
          "t": "code"
        }
      ],
      "t": "p"
    },
    {
      "c": [
        {
          "c": [
            "http://example.com\n"
          ],
          "t": "code"
        }
      ],
      "t": "pre"
    },
    {
      "c": [
        {
          "c": [
            "println!(\"http://example.com\");\n"
          ],
          "lang": "rust",
          "t": "code"
        }
      ],
      "t": "pre"
    },
    {
      "c": [
        "file",
        ":///foo/bar.txt"
      ],
      "t": "p"
    },
    {
      "c": [
        "https",
        "://"
      ],
      "t": "p"
    },
    {
      "c": [
        {
          "c": [
            "<a href=\"http://example.com\">test</a>"
          ],
          "t": "code"
        }
      ],
      "t": "p"
    },
    {
      "c": [
        {
          "c": [
            "<a href=\"http://example.com\">test</a>\n"
          ],
          "t": "code"
        }
      ],
      "t": "pre"
    }
  ]
}
