---
source: src/markdown/parser.rs
expression: "(text, mapped)"
---
(
    "aあいbcおaaaあいbbbcccうaaaあいbbbcccうaaaあいbbbcccう",
    [
        (
            "a",
            3..4,
        ),
        (
            "あ",
            11..14,
        ),
        (
            "い",
            21..24,
        ),
        (
            "b",
            28..29,
        ),
        (
            "c",
            33..34,
        ),
        (
            "お",
            41..44,
        ),
        (
            "aaa",
            48..51,
        ),
        (
            "あ",
            56..59,
        ),
        (
            "い",
            64..67,
        ),
        (
            "bbb",
            70..73,
        ),
        (
            "ccc",
            76..79,
        ),
        (
            "う",
            84..87,
        ),
        (
            "aaa",
            91..94,
        ),
        (
            "あ",
            99..102,
        ),
        (
            "い",
            107..110,
        ),
        (
            "bbb",
            113..116,
        ),
        (
            "ccc",
            119..122,
        ),
        (
            "う",
            127..130,
        ),
        (
            "aaa",
            135..138,
        ),
        (
            "あ",
            144..147,
        ),
        (
            "い",
            153..156,
        ),
        (
            "bbb",
            160..163,
        ),
        (
            "ccc",
            167..170,
        ),
        (
            "う",
            176..179,
        ),
    ],
)
