---
source: src/markdown/parser.rs
expression: json
---
{
  "kind": "render_tree",
  "tree": [
    {
      "c": [
        {
          "c": [
            "icon"
          ],
          "src": "/../../../assets/icon.iconset/icon_64x64.png",
          "t": "img"
        },
        " Markdown rendering test"
      ],
      "level": 1,
      "t": "h"
    },
    {
      "c": [
        "This document renders all elements of Markdown text (including extensions by GitHub) for testing."
      ],
      "t": "p"
    },
    {
      "c": [
        {
          "raw": "<a id=\"top\" rel=\"noopener noreferrer\"></a>",
          "t": "html"
        }
      ],
      "t": "p"
    },
    {
      "c": [
        "H1"
      ],
      "level": 1,
      "t": "h"
    },
    {
      "c": [
        "H2"
      ],
      "level": 2,
      "t": "h"
    },
    {
      "c": [
        "H3"
      ],
      "level": 3,
      "t": "h"
    },
    {
      "c": [
        "H4"
      ],
      "level": 4,
      "t": "h"
    },
    {
      "c": [
        "H5"
      ],
      "level": 5,
      "t": "h"
    },
    {
      "c": [
        "H6"
      ],
      "level": 6,
      "t": "h"
    },
    {
      "c": [
        "Sext Heading H1"
      ],
      "level": 1,
      "t": "h"
    },
    {
      "c": [
        "Sext Heading H2"
      ],
      "level": 2,
      "t": "h"
    },
    {
      "c": [
        "Code blocks"
      ],
      "level": 1,
      "t": "h"
    },
    {
      "c": [
        "Indented code block",
        ":"
      ],
      "t": "p"
    },
    {
      "c": [
        {
          "c": [
            "a sinmple\n",
            "code block\n"
          ],
          "t": "code"
        }
      ],
      "t": "pre"
    },
    {
      "c": [
        "Fenced code block"
      ],
      "t": "p"
    },
    {
      "c": [
        {
          "c": [
            "let world = \"world\";\n\nfn main() {\n    println!(\"Hello, {}\", world);\n}\n"
          ],
          "t": "code"
        }
      ],
      "t": "pre"
    },
    {
      "c": [
        "Highlighted code block",
        ":"
      ],
      "t": "p"
    },
    {
      "c": [
        {
          "c": [
            "let world = \"world\";\n\nfn main() {\n    println!(\"Hello, {}\", world);\n}\n"
          ],
          "lang": "rust",
          "t": "code"
        }
      ],
      "t": "pre"
    },
    {
      "c": [
        "HTML block"
      ],
      "level": 1,
      "t": "h"
    },
    {
      "c": [
        "A table using ",
        {
          "c": [
            "<table>"
          ],
          "t": "code"
        },
        " tag and friends",
        ":"
      ],
      "t": "p"
    },
    {
      "raw": "<table><tbody><tr><td>\nHello\n</td><td>\nworld\n</td></tr></tbody></table>\n",
      "t": "html"
    },
    {
      "c": [
        "The ",
        {
          "c": [
            "<script>"
          ],
          "t": "code"
        },
        " tag should be stripped out",
        ":"
      ],
      "t": "p"
    },
    {
      "raw": "\n",
      "t": "html"
    },
    {
      "c": [
        "The ",
        {
          "c": [
            "<details>"
          ],
          "t": "code"
        },
        " tag can fold contents",
        ":"
      ],
      "t": "p"
    },
    {
      "raw": "<details>\n<summary>Folded!</summary>\n<pre>Lorem Ipsum is simply dummy text of the printing\nand typesetting industry. Lorem Ipsum has been the\nindustrial standard dummy text ever since the 1500s,\nwhen an unknown printer took a galley of type and\nscrambled it to make a type specimen book.\n</pre>\n</details>\n",
      "t": "html"
    },
    {
      "c": [
        "Link references"
      ],
      "level": 1,
      "t": "h"
    },
    {
      "c": [
        {
          "c": [
            "minimal absolute link"
          ],
          "href": "https://example.com",
          "t": "a"
        }
      ],
      "t": "p"
    },
    {
      "c": [
        {
          "c": [
            "minimal relative link"
          ],
          "href": "/../../../README.md",
          "t": "a"
        }
      ],
      "t": "p"
    },
    {
      "c": [
        {
          "c": [
            "abosolute link with title"
          ],
          "href": "https://example.com",
          "t": "a",
          "title": "this is title"
        }
      ],
      "t": "p"
    },
    {
      "c": [
        "Paragraphs"
      ],
      "level": 1,
      "t": "h"
    },
    {
      "c": [
        "Single line paragraph."
      ],
      "t": "p"
    },
    {
      "c": [
        "Multiple lines paragraph.",
        " ",
        "Multiple lines paragraph.",
        " ",
        "Multiple lines paragraph."
      ],
      "t": "p"
    },
    {
      "c": [
        "Paragraph containing br.",
        {
          "t": "br"
        },
        "Paragraph containing br."
      ],
      "t": "p"
    },
    {
      "c": [
        "Block quotes"
      ],
      "level": 1,
      "t": "h"
    },
    {
      "c": [
        {
          "c": [
            "Simple single-line block quote."
          ],
          "t": "p"
        }
      ],
      "t": "blockquote"
    },
    {
      "c": [
        {
          "c": [
            "Simple multiple-lines block quote.",
            {
              "t": "br"
            },
            "Simple multiple-lines block quote.",
            {
              "t": "br"
            },
            "Simple multiple-lines block quote."
          ],
          "t": "p"
        }
      ],
      "t": "blockquote"
    },
    {
      "c": [
        {
          "c": [
            "Nested title"
          ],
          "level": 2,
          "t": "h"
        },
        {
          "c": [
            "Nested paragraph. Nested ",
            {
              "c": [
                "link"
              ],
              "href": "https://example.com",
              "t": "a"
            },
            "."
          ],
          "t": "p"
        },
        {
          "c": [
            {
              "c": [
                "println!(\"nested fenced code block!\");\n"
              ],
              "lang": "rust",
              "t": "code"
            }
          ],
          "t": "pre"
        }
      ],
      "t": "blockquote"
    },
    {
      "c": [
        {
          "c": [
            {
              "c": [
                {
                  "c": [
                    "Multiple",
                    " ",
                    "levels of",
                    " ",
                    "block quote"
                  ],
                  "t": "p"
                }
              ],
              "t": "blockquote"
            }
          ],
          "t": "blockquote"
        }
      ],
      "t": "blockquote"
    },
    {
      "raw": "\n",
      "t": "html"
    },
    {
      "c": [
        "Lists"
      ],
      "level": 1,
      "t": "h"
    },
    {
      "c": [
        "Ordered list",
        ":"
      ],
      "t": "p"
    },
    {
      "c": [
        {
          "c": [
            "One",
            {
              "c": [
                {
                  "c": [
                    "One-One"
                  ],
                  "t": "li"
                },
                {
                  "c": [
                    "One-Two",
                    {
                      "c": [
                        {
                          "c": [
                            "One-Two-One"
                          ],
                          "t": "li"
                        },
                        {
                          "c": [
                            "One-Two-Two"
                          ],
                          "t": "li"
                        }
                      ],
                      "t": "ol"
                    }
                  ],
                  "t": "li"
                }
              ],
              "t": "ol"
            }
          ],
          "t": "li"
        },
        {
          "c": [
            "Two",
            {
              "c": [
                {
                  "c": [
                    "Two-One"
                  ],
                  "t": "li"
                }
              ],
              "t": "ol"
            }
          ],
          "t": "li"
        }
      ],
      "t": "ol"
    },
    {
      "c": [
        "Ordered list starting with 10",
        ":"
      ],
      "t": "p"
    },
    {
      "c": [
        {
          "c": [
            "Ten"
          ],
          "t": "li"
        },
        {
          "c": [
            "Eleven"
          ],
          "t": "li"
        },
        {
          "c": [
            "Eleven"
          ],
          "t": "li"
        }
      ],
      "start": 10,
      "t": "ol"
    },
    {
      "c": [
        "Unordered list",
        ":"
      ],
      "t": "p"
    },
    {
      "c": [
        {
          "c": [
            "One",
            {
              "c": [
                {
                  "c": [
                    "One-One"
                  ],
                  "t": "li"
                },
                {
                  "c": [
                    "One-Two",
                    {
                      "c": [
                        {
                          "c": [
                            "One-Two-One"
                          ],
                          "t": "li"
                        },
                        {
                          "c": [
                            "One-Two-Two"
                          ],
                          "t": "li"
                        }
                      ],
                      "t": "ul"
                    }
                  ],
                  "t": "li"
                }
              ],
              "t": "ul"
            }
          ],
          "t": "li"
        },
        {
          "c": [
            "Two",
            {
              "c": [
                {
                  "c": [
                    "Two-One"
                  ],
                  "t": "li"
                }
              ],
              "t": "ul"
            }
          ],
          "t": "li"
        }
      ],
      "t": "ul"
    },
    {
      "c": [
        "Mixed nested list",
        ":"
      ],
      "t": "p"
    },
    {
      "c": [
        {
          "c": [
            "One",
            {
              "c": [
                {
                  "c": [
                    "One-One"
                  ],
                  "t": "li"
                },
                {
                  "c": [
                    "One-Two",
                    {
                      "c": [
                        {
                          "c": [
                            "One-Two-Three"
                          ],
                          "t": "li"
                        },
                        {
                          "c": [
                            "One-Two-Four"
                          ],
                          "t": "li"
                        }
                      ],
                      "t": "ul"
                    }
                  ],
                  "t": "li"
                },
                {
                  "c": [
                    "One-Three"
                  ],
                  "t": "li"
                }
              ],
              "t": "ol"
            }
          ],
          "t": "li"
        },
        {
          "c": [
            "Two",
            {
              "c": [
                {
                  "c": [
                    "Two-Three"
                  ],
                  "t": "li"
                }
              ],
              "t": "ul"
            }
          ],
          "t": "li"
        },
        {
          "c": [
            "Three"
          ],
          "t": "li"
        }
      ],
      "t": "ul"
    },
    {
      "c": [
        "Nested paragraph in list",
        ":"
      ],
      "t": "p"
    },
    {
      "c": [
        {
          "c": [
            "This is sentence.",
            " ",
            "Paragraph continues.",
            {
              "t": "br"
            },
            "This starts new line.",
            {
              "c": [
                {
                  "c": [
                    "Nested block quote",
                    {
                      "t": "br"
                    },
                    "Nested block quote"
                  ],
                  "t": "p"
                }
              ],
              "t": "blockquote"
            },
            {
              "c": [
                {
                  "c": [
                    "println!(\"nested code block in list item\");\n"
                  ],
                  "lang": "rust",
                  "t": "code"
                }
              ],
              "t": "pre"
            },
            {
              "c": [
                {
                  "c": [
                    "Second level list item.",
                    " ",
                    "Paragraph continues.",
                    {
                      "t": "br"
                    },
                    "This starts new line.",
                    {
                      "c": [
                        {
                          "c": [
                            "Nested block quote",
                            {
                              "t": "br"
                            },
                            "Nested block quote"
                          ],
                          "t": "p"
                        }
                      ],
                      "t": "blockquote"
                    },
                    {
                      "c": [
                        {
                          "c": [
                            "println!(\"nested code block in list item\");\n"
                          ],
                          "lang": "rust",
                          "t": "code"
                        }
                      ],
                      "t": "pre"
                    }
                  ],
                  "t": "li"
                }
              ],
              "t": "ul"
            }
          ],
          "t": "li"
        }
      ],
      "t": "ul"
    },
    {
      "c": [
        "Inline codes"
      ],
      "level": 1,
      "t": "h"
    },
    {
      "c": [
        "This ",
        {
          "c": [
            "sentence"
          ],
          "t": "code"
        },
        " contains ",
        {
          "c": [
            "inline code"
          ],
          "t": "code"
        },
        "."
      ],
      "t": "p"
    },
    {
      "c": [
        "Emphasis"
      ],
      "level": 1,
      "t": "h"
    },
    {
      "c": [
        "This ",
        {
          "c": [
            "is"
          ],
          "t": "em"
        },
        " a ",
        {
          "c": [
            "sentence"
          ],
          "t": "em"
        },
        " containing ",
        {
          "c": [
            "emphasized text"
          ],
          "t": "strong"
        },
        " for ",
        {
          "c": [
            "testing"
          ],
          "t": "strong"
        },
        "."
      ],
      "t": "p"
    },
    {
      "c": [
        "Links"
      ],
      "level": 1,
      "t": "h"
    },
    {
      "c": [
        {
          "c": [
            {
              "c": [
                "external link"
              ],
              "href": "https://example.com",
              "t": "a"
            }
          ],
          "t": "li"
        },
        {
          "c": [
            {
              "c": [
                "external link with title"
              ],
              "href": "https://example.com",
              "t": "a",
              "title": "this is title"
            }
          ],
          "t": "li"
        },
        {
          "c": [
            {
              "c": [
                "internal link"
              ],
              "href": "/../../../README.md",
              "t": "a"
            }
          ],
          "t": "li"
        },
        {
          "c": [
            {
              "c": [
                "internal link with title"
              ],
              "href": "/../../../README.md",
              "t": "a",
              "title": "this is title"
            }
          ],
          "t": "li"
        },
        {
          "c": [
            {
              "c": [
                "fragment link"
              ],
              "href": "#top",
              "t": "a"
            }
          ],
          "t": "li"
        },
        {
          "c": [
            {
              "c": [
                {
                  "c": [
                    "link"
                  ],
                  "t": "code"
                },
                " ",
                {
                  "c": [
                    "containing"
                  ],
                  "t": "em"
                },
                " ",
                {
                  "c": [
                    "inlines"
                  ],
                  "t": "strong"
                }
              ],
              "href": "https://example.com",
              "t": "a"
            }
          ],
          "t": "li"
        }
      ],
      "t": "ul"
    },
    {
      "c": [
        "Images"
      ],
      "level": 1,
      "t": "h"
    },
    {
      "c": [
        {
          "c": [
            "simple image"
          ],
          "src": "/../../../assets/icon.iconset/icon_64x64.png",
          "t": "img"
        },
        " ",
        {
          "c": [
            "image with title"
          ],
          "src": "/../../../assets/icon.iconset/icon_64x64.png",
          "t": "img",
          "title": "this is title!"
        },
        " ",
        {
          "c": [
            "external image"
          ],
          "src": "https://github.com/rhysd/Shiba/blob/main/v2/assets/icon.iconset/icon_64x64.png?raw=true",
          "t": "img"
        },
        " ",
        {
          "c": [
            {
              "c": [
                "image link"
              ],
              "src": "/../../../assets/icon.iconset/icon_64x64.png",
              "t": "img"
            }
          ],
          "href": "https://example.com",
          "t": "a",
          "title": "image link"
        }
      ],
      "t": "p"
    },
    {
      "c": [
        "Auto links"
      ],
      "level": 1,
      "t": "h"
    },
    {
      "c": [
        "Standard auto link",
        ": ",
        {
          "auto": true,
          "c": [
            "https://example.com"
          ],
          "href": "https://example.com",
          "t": "a"
        }
      ],
      "t": "p"
    },
    {
      "c": [
        "Raw URL auto link extension",
        ": ",
        {
          "auto": true,
          "c": [
            "https://example.com"
          ],
          "href": "https://example.com",
          "t": "a"
        }
      ],
      "t": "p"
    },
    {
      "c": [
        "Inline HTML"
      ],
      "level": 1,
      "t": "h"
    },
    {
      "c": [
        "This is ",
        {
          "raw": "<a href=\"https://example.com\" rel=\"noopener noreferrer\">a link with anchor tag</a>",
          "t": "html"
        },
        " in a paragraph block."
      ],
      "t": "p"
    },
    {
      "c": [
        "This is nested ",
        {
          "raw": "<code>inline, <a href=\"https://example.com\" rel=\"noopener noreferrer\">HTML</a></code>",
          "t": "html"
        },
        " items."
      ],
      "t": "p"
    },
    {
      "c": [
        "This inline script tag ",
        {
          "raw": "",
          "t": "html"
        },
        " should be sanitized."
      ],
      "t": "p"
    },
    {
      "c": [
        "Code block using ",
        {
          "c": [
            "<pre><code>"
          ],
          "t": "code"
        },
        " is written in inline HTML but rendered as block",
        ":"
      ],
      "t": "p"
    },
    {
      "raw": "<pre><code>This is\ncode block</code></pre>\n",
      "t": "html"
    },
    {
      "c": [
        "Task lists extension"
      ],
      "level": 1,
      "t": "h"
    },
    {
      "c": [
        "Task lists",
        ":"
      ],
      "t": "p"
    },
    {
      "c": [
        {
          "c": [
            {
              "checked": true,
              "t": "checkbox"
            },
            "Checked"
          ],
          "t": "task-list"
        },
        {
          "c": [
            {
              "checked": false,
              "t": "checkbox"
            },
            "Unchecked"
          ],
          "t": "task-list"
        }
      ],
      "t": "ul"
    },
    {
      "c": [
        "Nested task lists",
        ":"
      ],
      "t": "p"
    },
    {
      "c": [
        {
          "c": [
            {
              "checked": true,
              "t": "checkbox"
            },
            "Checked",
            {
              "c": [
                {
                  "c": [
                    {
                      "checked": false,
                      "t": "checkbox"
                    },
                    "Unchecked"
                  ],
                  "t": "task-list"
                }
              ],
              "t": "ul"
            }
          ],
          "t": "task-list"
        },
        {
          "c": [
            {
              "checked": false,
              "t": "checkbox"
            },
            "Unchecked",
            {
              "c": [
                {
                  "c": [
                    {
                      "checked": true,
                      "t": "checkbox"
                    },
                    "Checked"
                  ],
                  "t": "task-list"
                }
              ],
              "t": "ul"
            }
          ],
          "t": "task-list"
        }
      ],
      "t": "ul"
    },
    {
      "c": [
        "Tables extension"
      ],
      "level": 1,
      "t": "h"
    },
    {
      "c": [
        "Simple table",
        ":"
      ],
      "t": "p"
    },
    {
      "align": [
        null,
        null
      ],
      "c": [
        {
          "c": [
            {
              "c": [
                {
                  "c": [
                    "foo"
                  ],
                  "t": "th"
                },
                {
                  "c": [
                    "bar"
                  ],
                  "t": "th"
                }
              ],
              "t": "tr"
            }
          ],
          "t": "thead"
        },
        {
          "c": [
            {
              "c": [
                {
                  "c": [
                    "aaa"
                  ],
                  "t": "td"
                },
                {
                  "c": [
                    "bbb"
                  ],
                  "t": "td"
                }
              ],
              "t": "tr"
            },
            {
              "c": [
                {
                  "c": [
                    "ccc"
                  ],
                  "t": "td"
                },
                {
                  "c": [
                    "ddd"
                  ],
                  "t": "td"
                }
              ],
              "t": "tr"
            }
          ],
          "t": "tbody"
        }
      ],
      "t": "table"
    },
    {
      "c": [
        "Aligned table"
      ],
      "t": "p"
    },
    {
      "align": [
        "left",
        "center",
        "right"
      ],
      "c": [
        {
          "c": [
            {
              "c": [
                {
                  "c": [
                    "left"
                  ],
                  "t": "th"
                },
                {
                  "c": [
                    "center"
                  ],
                  "t": "th"
                },
                {
                  "c": [
                    "right"
                  ],
                  "t": "th"
                }
              ],
              "t": "tr"
            }
          ],
          "t": "thead"
        },
        {
          "c": [
            {
              "c": [
                {
                  "c": [
                    "A"
                  ],
                  "t": "td"
                },
                {
                  "c": [
                    "B"
                  ],
                  "t": "td"
                },
                {
                  "c": [
                    "C"
                  ],
                  "t": "td"
                }
              ],
              "t": "tr"
            }
          ],
          "t": "tbody"
        }
      ],
      "t": "table"
    },
    {
      "c": [
        "Strikethrough extension"
      ],
      "level": 1,
      "t": "h"
    },
    {
      "c": [
        {
          "c": [
            "This line is deleted."
          ],
          "t": "del"
        }
      ],
      "t": "p"
    },
    {
      "c": [
        {
          "c": [
            "These lines",
            {
              "t": "br"
            },
            "are deleted."
          ],
          "t": "del"
        }
      ],
      "t": "p"
    },
    {
      "c": [
        "Emoji extension"
      ],
      "level": 1,
      "t": "h"
    },
    {
      "c": [
        {
          "c": [
            "🐶"
          ],
          "name": "dog face",
          "t": "emoji"
        },
        " ",
        {
          "c": [
            "🐱"
          ],
          "name": "cat face",
          "t": "emoji"
        },
        " ",
        ":emoji-does-not-exist",
        ": ",
        {
          "c": [
            "👍"
          ],
          "name": "thumbs up",
          "t": "emoji"
        },
        " ",
        {
          "c": [
            "👎"
          ],
          "name": "thumbs down",
          "t": "emoji"
        }
      ],
      "t": "p"
    },
    {
      "c": [
        "Foot notes extension"
      ],
      "level": 1,
      "t": "h"
    },
    {
      "c": [
        "Here is a simple footnote",
        {
          "id": 1,
          "t": "fn-ref"
        },
        ". With named label",
        {
          "id": 2,
          "t": "fn-ref"
        },
        "."
      ],
      "t": "p"
    },
    {
      "c": [
        {
          "c": [
            "My reference."
          ],
          "t": "p"
        }
      ],
      "id": 1,
      "name": "1",
      "t": "fn-def"
    },
    {
      "c": [
        {
          "c": [
            "This is note with label"
          ],
          "t": "p"
        }
      ],
      "id": 2,
      "name": "label",
      "t": "fn-def"
    },
    {
      "c": [
        "Math extension"
      ],
      "level": 1,
      "t": "h"
    },
    {
      "c": [
        "Inline formula",
        ": ",
        {
          "expr": "e = mc^2",
          "inline": true,
          "t": "math"
        },
        "."
      ],
      "t": "p"
    },
    {
      "c": [
        "Display formula",
        ":"
      ],
      "t": "p"
    },
    {
      "c": [
        {
          "expr": "\\left( \\sum_{k=1}^n a_k b_k \\right)^2 \\leq \\left( \\sum_{k=1}^n a_k^2 \\right) \\left( \\sum_{k=1}^n b_k^2 \\right)",
          "inline": false,
          "t": "math"
        }
      ],
      "t": "p"
    },
    {
      "c": [
        "Formula block fenced with ",
        {
          "c": [
            "math"
          ],
          "t": "code"
        },
        ":"
      ],
      "t": "p"
    },
    {
      "c": [
        {
          "c": [
            "\\left( \\sum_{k=1}^n a_k b_k \\right)^2 \\leq \\left( \\sum_{k=1}^n a_k^2 \\right) \\left( \\sum_{k=1}^n b_k^2 \\right)\n"
          ],
          "lang": "math",
          "t": "code"
        }
      ],
      "t": "pre"
    },
    {
      "c": [
        "Mermaid extension"
      ],
      "level": 1,
      "t": "h"
    },
    {
      "c": [
        "Simple diagram using ",
        {
          "c": [
            "mermaid.js"
          ],
          "href": "https://github.com/mermaid-js/mermaid",
          "t": "a"
        },
        ":"
      ],
      "t": "p"
    },
    {
      "c": [
        {
          "c": [
            "graph TD;\n    A-->B;\n    A-->C;\n    B-->D;\n    C-->D;\n"
          ],
          "lang": "mermaid",
          "t": "code"
        }
      ],
      "t": "pre"
    },
    {
      "c": [
        "Alerts extension"
      ],
      "level": 1,
      "t": "h"
    },
    {
      "c": [
        "Alert notations in block quote style."
      ],
      "t": "p"
    },
    {
      "c": [
        {
          "c": [
            "Highlights information that users should take into account, even when skimming."
          ],
          "t": "p"
        }
      ],
      "kind": "note",
      "t": "alert"
    },
    {
      "c": [
        {
          "c": [
            "Optional information to help a user be more successful."
          ],
          "t": "p"
        }
      ],
      "kind": "tip",
      "t": "alert"
    },
    {
      "c": [
        {
          "c": [
            "Crucial information necessary for users to succeed."
          ],
          "t": "p"
        }
      ],
      "kind": "important",
      "t": "alert"
    },
    {
      "c": [
        {
          "c": [
            "Critical content demanding immediate user attention due to potential risks."
          ],
          "t": "p"
        }
      ],
      "kind": "warning",
      "t": "alert"
    },
    {
      "c": [
        {
          "c": [
            "Negative potential consequences of an action."
          ],
          "t": "p"
        }
      ],
      "kind": "caution",
      "t": "alert"
    },
    {
      "c": [
        "Resources",
        ":"
      ],
      "t": "p"
    },
    {
      "c": [
        {
          "c": [
            "The specification is described in this discussion thread",
            ": ",
            {
              "auto": true,
              "c": [
                "https://github.com/orgs/community/discussions/16925"
              ],
              "href": "https://github.com/orgs/community/discussions/16925",
              "t": "a"
            }
          ],
          "t": "li"
        },
        {
          "c": [
            "Official document",
            ": ",
            {
              "auto": true,
              "c": [
                "https://docs.github.com/en/get-started/writing-on-github/getting-started-with-writing-and-formatting-on-github/basic-writing-and-formatting-syntax#alerts"
              ],
              "href": "https://docs.github.com/en/get-started/writing-on-github/getting-started-with-writing-and-formatting-on-github/basic-writing-and-formatting-syntax#alerts",
              "t": "a"
            }
          ],
          "t": "li"
        },
        {
          "c": [
            "Changelog",
            ": ",
            {
              "auto": true,
              "c": [
                "https://github.blog/changelog/2023-12-14-new-markdown-extension-alerts-provide-distinctive-styling-for-significant-content/"
              ],
              "href": "https://github.blog/changelog/2023-12-14-new-markdown-extension-alerts-provide-distinctive-styling-for-significant-content/",
              "t": "a"
            }
          ],
          "t": "li"
        }
      ],
      "t": "ul"
    }
  ]
}
