---
source: src/markdown/parser.rs
expression: "(text, mapped)"
---
(
    "Inline math: .Block math:",
    [
        (
            "Inline math: ",
            0..13,
        ),
        (
            ".",
            23..24,
        ),
        (
            "Block math:",
            26..37,
        ),
    ],
)
