---
source: src/markdown/parser.rs
expression: "(text, mapped)"
---
(
    "Inline math: .Block math:",
    [
        (
            "Inline math",
            0..11,
        ),
        (
            ": ",
            11..13,
        ),
        (
            ".",
            23..24,
        ),
        (
            "Block math",
            26..36,
        ),
        (
            ":",
            36..37,
        ),
    ],
)
