---
source: src/markdown/parser.rs
expression: json
---
{
  "kind": "render_tree",
  "tree": [
    {
      "c": [
        {
          "c": [
            "this is ",
            {
              "t": "modified"
            },
            "test. this is test."
          ],
          "t": "strong"
        }
      ],
      "t": "p"
    }
  ]
}
