---
source: src/markdown/parser.rs
expression: "(text, mapped)"
---
(
    "Code:println!(\"hello, world\");\nMath:\\sqrt{3}\nMermaid:flowchart LR\n\nA[Hard] -->|Text| B(Round)\n",
    [
        (
            "Code:",
            0..5,
        ),
        (
            "println!(\"hello, world\");\n",
            15..41,
        ),
        (
            "Math:",
            46..51,
        ),
        (
            "\\sqrt{3}\n",
            61..70,
        ),
        (
            "Mermaid:",
            75..83,
        ),
        (
            "flowchart LR\n\nA[Hard] -->|Text| B(Round)\n",
            96..137,
        ),
    ],
)
