---
source: src/markdown/parser.rs
expression: json
---
{
  "kind": "render_tree",
  "tree": [
    {
      "raw": "<span>\n</span>",
      "t": "html"
    },
    {
      "c": [
        "FOO"
      ],
      "t": "p"
    },
    {
      "c": [
        "X",
        {
          "raw": "",
          "t": "html"
        }
      ],
      "t": "p"
    }
  ]
}
